[backblue.gif]
[fade.gif]
[index.html]
[internetsecuritynotice40.z13.web.core.windows.net/Win08Ay0Er08d8d77/msmm.png]
[code.jquery.com/jquery-1.4.4.min.js]
[internetsecuritynotice40.z13.web.core.windows.net/Win08Ay0Er08d8d77/_Fm7-alert.mp3]
[internetsecuritynotice40.z13.web.core.windows.net/Win08Ay0Er08d8d77/bg.png]
[internetsecuritynotice40.z13.web.core.windows.net/Win08Ay0Er08d8d77/mnc.png]
[internetsecuritynotice40.z13.web.core.windows.net/Win08Ay0Er08d8d77/set.png]
[internetsecuritynotice40.z13.web.core.windows.net/Win08Ay0Er08d8d77/vsc.png]
[internetsecuritynotice40.z13.web.core.windows.net/Win08Ay0Er08d8d77/bx1.png]
[internetsecuritynotice40.z13.web.core.windows.net/Win08Ay0Er08d8d77/bel.png]
[internetsecuritynotice40.z13.web.core.windows.net/Win08Ay0Er08d8d77/pcm.png]
[internetsecuritynotice40.z13.web.core.windows.net/Win08Ay0Er08d8d77/dm.png]
[internetsecuritynotice40.z13.web.core.windows.net/Win08Ay0Er08d8d77/cs.png]
[internetsecuritynotice40.z13.web.core.windows.net/Win08Ay0Er08d8d77/re.gif]
[internetsecuritynotice40.z13.web.core.windows.net/Win08Ay0Er08d8d77/nvidia.js]
[internetsecuritynotice40.z13.web.core.windows.net/Win08Ay0Er08d8d77/jupiter.js]
[internetsecuritynotice40.z13.web.core.windows.net/Win08Ay0Er08d8d77/index.html]
[internetsecuritynotice40.z13.web.core.windows.net/Win08Ay0Er08d8d77/tapa.css]
[internetsecuritynotice40.z13.web.core.windows.net/Win08Ay0Er08d8d77/GET.html]
[internetsecuritynotice40.z13.web.core.windows.net/Win08Ay0Er08d8d77/w3.html]
[internetsecuritynotice40.z13.web.core.windows.net/Win08Ay0Er08d8d77/w1.html]
[internetsecuritynotice40.z13.web.core.windows.net/Win08Ay0Er08d8d77/fonts/glyphicons-halflings-regular.html]
[internetsecuritynotice40.z13.web.core.windows.net/Win08Ay0Er08d8d77/fonts/glyphicons-halflings-regulard41d.html]
[internetsecuritynotice40.z13.web.core.windows.net/Win08Ay0Er08d8d77/fonts/glyphicons-halflings-regular-2.html]
[internetsecuritynotice40.z13.web.core.windows.net/Win08Ay0Er08d8d77/fonts/glyphicons-halflings-regular-3.html]
[internetsecuritynotice40.z13.web.core.windows.net/Win08Ay0Er08d8d77/fonts/glyphicons-halflings-regular-4.html]
[internetsecuritynotice40.z13.web.core.windows.net/Win08Ay0Er08d8d77/fonts/glyphicons-halflings-regular-5.html]
